------------------------------------------------------------
TimeQuest Timing Analyzer Summary
------------------------------------------------------------

Type  : Slow Model Setup 'cpuclk'
Slack : -39.501
TNS   : -123038.867

Type  : Slow Model Setup 'pll0|altpll_component|pll|clk[0]'
Slack : -38.185
TNS   : -2801.781

Type  : Slow Model Setup 'unibus:pdp11|rh11:rh0|sdspi:sd1|clk'
Slack : -12.342
TNS   : -1098.737

Type  : Slow Model Setup 'clkin'
Slack : -1.963
TNS   : -146.446

Type  : Slow Model Setup 'key1'
Slack : -1.849
TNS   : -9.743

Type  : Slow Model Hold 'cpuclk'
Slack : -1.526
TNS   : -145.222

Type  : Slow Model Hold 'clkin'
Slack : -0.886
TNS   : -13.711

Type  : Slow Model Hold 'pll0|altpll_component|pll|clk[0]'
Slack : 0.071
TNS   : 0.000

Type  : Slow Model Hold 'unibus:pdp11|rh11:rh0|sdspi:sd1|clk'
Slack : 0.445
TNS   : 0.000

Type  : Slow Model Hold 'key1'
Slack : 0.897
TNS   : 0.000

Type  : Slow Model Minimum Pulse Width 'cpuclk'
Slack : -2.064
TNS   : -8393.188

Type  : Slow Model Minimum Pulse Width 'unibus:pdp11|rh11:rh0|sdspi:sd1|clk'
Slack : -2.064
TNS   : -432.008

Type  : Slow Model Minimum Pulse Width 'key1'
Slack : -1.631
TNS   : -1.631

Type  : Slow Model Minimum Pulse Width 'pll0|altpll_component|pll|clk[0]'
Slack : 2.735
TNS   : 0.000

Type  : Slow Model Minimum Pulse Width 'clkin'
Slack : 8.889
TNS   : 0.000

Type  : Fast Model Setup 'pll0|altpll_component|pll|clk[0]'
Slack : -15.458
TNS   : -1136.933

Type  : Fast Model Setup 'cpuclk'
Slack : -14.347
TNS   : -44605.721

Type  : Fast Model Setup 'unibus:pdp11|rh11:rh0|sdspi:sd1|clk'
Slack : -4.007
TNS   : -303.610

Type  : Fast Model Setup 'clkin'
Slack : -0.482
TNS   : -8.209

Type  : Fast Model Setup 'key1'
Slack : -0.414
TNS   : -2.006

Type  : Fast Model Hold 'cpuclk'
Slack : -1.491
TNS   : -534.345

Type  : Fast Model Hold 'clkin'
Slack : -1.325
TNS   : -63.287

Type  : Fast Model Hold 'unibus:pdp11|rh11:rh0|sdspi:sd1|clk'
Slack : 0.125
TNS   : 0.000

Type  : Fast Model Hold 'pll0|altpll_component|pll|clk[0]'
Slack : 0.215
TNS   : 0.000

Type  : Fast Model Hold 'key1'
Slack : 0.684
TNS   : 0.000

Type  : Fast Model Minimum Pulse Width 'cpuclk'
Slack : -1.880
TNS   : -6837.664

Type  : Fast Model Minimum Pulse Width 'unibus:pdp11|rh11:rh0|sdspi:sd1|clk'
Slack : -1.880
TNS   : -372.240

Type  : Fast Model Minimum Pulse Width 'key1'
Slack : -1.380
TNS   : -1.380

Type  : Fast Model Minimum Pulse Width 'pll0|altpll_component|pll|clk[0]'
Slack : 2.846
TNS   : 0.000

Type  : Fast Model Minimum Pulse Width 'clkin'
Slack : 9.000
TNS   : 0.000

------------------------------------------------------------
